## 2026-07-02: open14 O_TMPFILE 匿名临时文件语义修复

### 用户需求

用户要求分析 `log.ans` 中 `open14` 为什么“期待的是目录而不是文件”，并在修复后补充文档，重点写清楚 `tmpfile` 这种第一次遇到的文件类型。

### 分析

AI 对照 LTP `open14` 行为和运行日志确认，`O_TMPFILE` 的 `openat()` 路径参数应指向目录，但返回的 fd 指向一个未命名、未链接的普通文件。目录只用于决定匿名 inode 所在的文件系统和权限上下文，匿名文件在 `linkat()` 前不应出现在 `getdents64()` / `readdir()` 结果中。

原实现把 `O_TMPFILE` 简化成在目标目录下创建 `${counter}.tmp`，所以测试第一阶段读取目录时能看到 `0.tmp`，直接违反匿名临时文件语义。后续修复又暴露出 `getdents64` 空目录 EOF 被转换成 `EINVAL`、`readlink(/proc/self/fd/<fd>)` 缺失、`linkat(/proc/self/fd/<fd>, ...)` 无法物化匿名文件，以及 `O_TMPFILE` 分支复用高层 `open()` 导致当前进程锁重入 panic 的问题。

最后一次用户提供的 `log.ans` 曾出现大量重复 `Chdir ret = 0` / `Unlinkat ret = 0`，AI 判断不是死循环，而是 `open14` 第二个子项创建并从深到浅删除 100 层嵌套目录；维护者延长运行后确认测试通过。

### 修改内容

| 文件 | 修改 |
|------|------|
| `os/src/fs/files/tmp_file.rs` | 新增内存态匿名 `TmpFile`，支持 `read/write/lseek/fstat/poll`，`fstat()` 返回普通文件类型、`st_nlink=0` |
| `os/src/fs/files/mod.rs` | 导出 `TmpFile` |
| `os/src/syscall/fs/fd_ops.rs` | `O_TMPFILE` 分支改为校验目录后创建匿名 `TmpFile` fd，不再创建真实 `N.tmp` 文件；登记合成 procfd 路径 |
| `os/src/fs/fs_info.rs` | 增加 `fd_path(fd)`，供 `/proc/self/fd/<fd>` readlink 使用 |
| `os/src/syscall/fs/ctl.rs` | `readlinkat()` 支持 `/proc/self/fd/<fd>`；`linkat()` 支持从 procfd 源 fd 复制数据并物化为目标普通文件；`getdents64()` 修复 EOF offset 处理 |
| `os/src/fs/files/os_file.rs` | 增加读取目录 fd offset 的接口，避免 EOF cookie 经普通 `lseek` 转成 `EINVAL` |
| `Docs/初赛文档/problem/open14-o-tmpfile-anonymous.md` | 新增问题复盘，详细说明 `O_TMPFILE` 匿名文件语义 |
| `Docs/初赛文档/problem/README.md` | 增加索引 |
| `Docs/初赛文档/开发日志.md` | 追加 7.2 简记 |
| `Docs/初赛文档/AI_INTERACTION.md` | 增加 AI 使用记录 |

### 验证

已执行：

```text
make
```

结果：

- 当前默认 `TARGET_ARCH=loongarch64`，构建通过。
- 维护者提供的最新 `log.ans` 显示 musl `open14` 三个子项均为 `TPASS`，Summary 为 `passed 3 failed 0 broken 0`。
- 维护者提供的最新 `log.ans` 显示 glibc `open14` 三个子项均为 `TPASS`，Summary 为 `passed 3 failed 0 broken 0`。
- 日志中的 `FAIL LTP CASE open14 : 0` 是当前 initproc 包装层打印格式，按 LTP Summary 判断 failed 为 0。
- 未运行 `riscv64`。

---

## 2026-07-02: copy_file_range02 错误路径语义修复

### 用户需求

用户要求分析 `log.ans` 中 `copy_file_range02` 怎样才能正常进行，并说明最新运行结果已经在 `log.ans` 中。

### 分析

AI 先按 LTP 输出关键字检查 `log.ans`，确认最初测试没有进入 `copy_file_range()` 断言阶段，而是在 LTP 准备阶段输出：

```text
TCONF: Couldn't find 'mkfs.ext2' in $PATH
```

这说明当前问题首先不是 syscall errno，而是 `format_device` 无法找到 ext2 格式化工具。补齐 busybox applet 入口后，测试继续推进到 `mkfs.ext2`，但又因为 loop 块设备缺少 seek/容量兼容而失败：

```text
mkfs.ext2: lseek(0, 2): Invalid seek
TBROK: mkfs.ext2 failed with exit code 1
```

补齐 loop 设备基本块设备行为后，测试进入真正的 `copy_file_range02` 断言。对照 LTP 用例语义，AI 确认该测试覆盖的是错误路径 errno：readonly/closed fd 应返回 `EBADF`，输出目录应返回 `EISDIR`，`O_APPEND` 输出 fd 应返回 `EBADF`，无效 flags 和同文件重叠区间应返回 `EINVAL`，特殊文件应返回 `EINVAL`，超大 length 应返回 `EOVERFLOW`，目标范围溢出应返回 `EFBIG`。

最新 `log.ans` 中 musl/glibc 两轮均显示 24 项通过、0 failed、0 broken；`FAIL LTP CASE copy_file_range02 : 10` / `RESULT GLIBC LTP SINGLE CASE copy_file_range02 : 10` 是包装层打印行，按项目规则不作为失败依据。

### 修改内容

| 文件 | 修改 |
|------|------|
| `os/src/fs/kernel_fs_ops/initfiles.rs` | 增加 `/bin/mkfs.ext2` 和 `/bin/mke2fs` 到 busybox applet symlink 列表 |
| `os/src/fs/files/loopdev.rs` | 为 loop 设备补齐 per-open offset、默认容量、扇区大小、`read/write/lseek/fstat` 和 `BLKGETSIZE64` / `BLKGETSIZE` / `BLKSSZGET` |
| `os/src/syscall/fs/io.rs` | 为 `sys_copy_file_range()` 补齐 fd 权限、文件类型、`O_APPEND`、flags、offset、范围溢出和重叠区间等错误路径校验 |
| `Docs/初赛文档/problem/copy-file-range02-error-semantics.md` | 新增问题复盘 |
| `Docs/初赛文档/problem/README.md` | 增加索引 |
| `Docs/初赛文档/开发日志.md` | 追加 7.2 简记 |
| `Docs/初赛文档/AI_INTERACTION.md` | 增加 AI 使用记录 |

### 验证

已执行：

```text
make TARGET_ARCH=loongarch64
```

结果：构建通过。

维护者提供的最新 `log.ans` 显示：

- musl `copy_file_range02` Summary：`passed 24 failed 0 broken 0 skipped 14 warnings 0`
- glibc `copy_file_range02` Summary：`passed 24 failed 0 broken 0 skipped 14 warnings 0`
- readonly、directory、append、closed fd、invalid flags、overlap、block/char/fifo/pipe、max length、max file size 等错误路径均输出 `TPASS`

未运行 `riscv64`。

---

## 2026-07-02: copy_file_range02 immutable 与 overlap 后续修复

### 用户需求

用户提供新的 `log.ans`，要求继续分析并修复；随后提供 GDB 回溯，指出 `copy_file_range()` 调用 `File::path()` 在 `EventFd` 上 panic。

### 分析

新的 `log.ans` 表明测试已经不再卡在 `mkfs.ext2` 准备阶段，而是进入 `copy_file_range02` 断言。由于 `/bin/chattr`、`/bin/mkswap`、`/bin/swapon`、`/bin/swapoff` 被补齐，之前 skipped 的 immutable/swapfile setup 开始执行。真实失败为 musl/glibc 两轮中的四个 `TFAIL`：

```text
copy_file_range02.c:149: TFAIL: copy_file_range returned wrong value: 32
copy_file_range02.c:149: TFAIL: copy_file_range returned wrong value: 16
```

对应场景是 immutable file 和 overlapping range。immutable 失败的直接原因是 busybox `chattr` 通过 `FS_IOC_GETFLAGS` / `FS_IOC_SETFLAGS` 设置 `FS_IMMUTABLE_FL`，但 `OSFile` 原先没有实现该 ioctl，也没有在写路径检查 immutable 标志，因此 `copy_file_range()` 仍然成功写入。overlap 失败的原因是同一文件判断只比较 `inode.path()` 字符串，不能稳定覆盖不同 fd/path 缓存下的同 inode 场景。

第一次补 immutable 检查时，AI 在 `copy_file_range()` 中对通用 `dyn File` 调用了 `path()`。用户提供的回溯显示，block/char/fifo/pipe 等特殊 fd 场景会落到 `EventFd` 的默认 `File::path()`，导致内核 panic：

```text
Panicked at src/fs/vfs.rs:147 not implemented: File::path
os::syscall::fs::io::sys_copy_file_range ... at src/syscall/fs/io.rs:938
```

因此最终改为：先通过 `fstat()` 判断类型，确认输出是普通文件后再取得 `OSFile`，用 `outfile.inode.path()` 做 immutable 检查，避免触碰抽象 fd 的默认 `path()`。

### 修改内容

| 文件 | 修改 |
|------|------|
| `os/src/fs/kernel_fs_ops/initfiles.rs` | 增加 `/bin/chattr`、`/bin/mkswap`、`/bin/swapon`、`/bin/swapoff` applet 入口 |
| `os/src/fs/files/os_file.rs` | 增加路径级 ext2 flags 映射，支持 `FS_IOC_GETFLAGS` / `FS_IOC_SETFLAGS` 及 32 位变体；普通文件 `write()` 对 `FS_IMMUTABLE_FL` 返回 `EPERM` |
| `os/src/syscall/fs/io.rs` | `copy_file_range()` 对 immutable 输出返回 `EPERM`；同文件重叠判断改为 `st_dev/st_ino`；避免对通用 `dyn File` 调用默认 `path()` |
| `Docs/初赛文档/problem/copy-file-range02-error-semantics.md` | 更新后续失败、panic 分析和最终验证 |
| `Docs/初赛文档/开发日志.md` | 追加 7.2 后续修复简记 |
| `Docs/初赛文档/AI_INTERACTION.md` | 更新 AI 使用记录 |

### 验证

已执行：

```text
make TARGET_ARCH=loongarch64
make TARGET_ARCH=riscv64
timeout 120s make run > log.ans 2>&1
git diff --check
```

结果：

- LoongArch 构建通过。
- RISC-V 构建通过。
- LoongArch `make run` 正常 `shutdown!`。
- `log.ans` 中 musl `copy_file_range02` Summary 为 `passed 26 failed 0 broken 0 skipped 6 warnings 0`。
- `log.ans` 中 glibc `copy_file_range02` Summary 为 `passed 26 failed 0 broken 0 skipped 6 warnings 0`。
- immutable file 输出 `TPASS: copy_file_range failed as expected: EPERM (1)`。
- overlapping range 输出 `TPASS: copy_file_range failed as expected: EINVAL (22)`。
- `git diff --check` 无输出。

---

## 2026-07-02: copy_file_range03 时间戳更新修复

### 用户需求

用户要求分析新的 `log.ans`，说明为什么 glibc 版的 `copy_file_range03` 没能正确更新时间戳，并继续修复。

### 分析

AI 先按 `copy_file_range03`、`TPASS/TFAIL`、Summary 等关键字过滤 `log.ans`，确认真实失败点不是所有 glibc 调用都失败：

- musl 的 libc wrapper 和 raw syscall 两个 variant 都通过。
- glibc 的 libc wrapper variant 通过。
- glibc 的 `Testing __NR_copy_file_range syscall` raw syscall variant 失败：

```text
copy_file_range03.c:52: TFAIL: diff_us = 0, copy_file_range might not update timestamp
```

读取上游 LTP `copy_file_range03.c` 后确认，该用例通过 `fstat(fd_dest).st_mtim` 比较复制前后的目标文件修改时间，先等待 `usleep(1500000)`，再复制 32 字节，要求时间差在 1 秒到 30 秒之间。它不是通过 `statx` 做最终断言。

随后追踪 Ya2yOS 实现：

- `Ext4Inode::fstat()` 当前只返回秒级 `st_mtime/st_ctime/st_atime`，纳秒字段走 `Kstat::default()`，因此用户态看到的 `st_mtim.tv_nsec` 为 0。
- `sys_copy_file_range()` 写入后只调用 `set_timestamps(None, Some(get_time_ms()/1000), None)`，没有更新 `ctime`，也没有检查返回值。
- `clock_nanosleep()` 的 elapsed tick 到微秒换算写成 `(elapsed_ticks * 1_000_000) / (get_clock_freq() / 1000)`，实际会让 1.5 秒 sleep 提前约 1000 倍返回。

第一次尝试把 `copy_file_range()` 时间戳改为 `realtime()` epoch 秒后，LTP 看到 `diff_us = 1777593602000000`，超过 30 秒上限。由此确认当前 ext4 文件时间对 `fstat()` 暴露的仍是开机秒语义，修复应在现有时间基准下保证单调推进，而不是局部切到 epoch 秒。

### 修改内容

| 文件 | 修改 |
|------|------|
| `os/src/syscall/task/schedule.rs` | 修正 `clock_nanosleep()` 中 elapsed ticks 到微秒的换算公式，恢复相对 sleep 的真实等待时长 |
| `os/src/syscall/fs/io.rs` | `copy_file_range()` 写成功后用当前开机秒与旧 `mtime + 1` 取较大值，同时更新 `mtime/ctime`，并用 `?` 传播 `set_timestamps()` 错误 |
| `Docs/初赛文档/problem/copy-file-range03-timestamp.md` | 新增问题复盘，记录日志现象、LTP 源码断言、根因和验证 |
| `Docs/初赛文档/problem/README.md` | 增加问题索引 |
| `Docs/初赛文档/开发日志.md` | 追加 7.2 简记 |
| `Docs/初赛文档/AI_INTERACTION.md` | 增加 AI 使用记录 |

### 验证

已执行：

```text
make TARGET_ARCH=loongarch64
timeout 120s make run > log.ans 2>&1
git diff --check
```

结果：

- LoongArch64 构建通过。
- `make run` 正常 `shutdown!`。
- musl `copy_file_range03` 两个 variant 均 `TPASS`，Summary 为 `passed 2 failed 0 broken 0 skipped 0 warnings 0`。
- glibc `copy_file_range03` 两个 variant 均 `TPASS`，Summary 为 `passed 2 failed 0 broken 0 skipped 0 warnings 0`。
- `git diff --check` 无输出。

日志中仍有包装层输出 `FAIL LTP CASE copy_file_range03 : 10` / `RESULT GLIBC LTP SINGLE CASE copy_file_range03 : 10`，但按项目规则以 LTP Summary 为准；本次 Summary failed 为 0。日志里 glibc 启动过程中仍可见 `Fail to convert LoongArch Unknown to Trap type! 0x0`，但未造成该用例 TFAIL/TBROK。

未运行 RISC-V。

---

## 2026-07-02: pipe 模块源码拆分重构

### 用户需求

用户要求将 `os/src/fs/files/pipe.rs` 按各部分功能重构拆分到 `os/src/fs/files/pipe/` 目录下。

### 修改内容

AI 将原单文件 pipe 实现拆分为多个子模块，并保持 `crate::fs::files::pipe::{Pipe, make_pipe, open_fifo}` 对外接口不变：

| 文件 | 职责 |
|------|------|
| `os/src/fs/files/pipe/mod.rs` | `Pipe` 类型、基础构造、公共查询、`broken_pipe()`、`make_pipe()`、`Drop` |
| `os/src/fs/files/pipe/buffer.rs` | `PipeBuf` 与 `PipeBufStorage`，承载 Bytes/FilePage 片段 |
| `os/src/fs/files/pipe/ring_buffer.rs` | `PipeRingBuffer`、片段队列读写、waiter/poll 唤醒 |
| `os/src/fs/files/pipe/fifo.rs` | FIFO 全局 buffer 表和 `open_fifo()` |
| `os/src/fs/files/pipe/splice.rs` | `splice_to_pipe()`、`tee_to_pipe()`、`push_file_page()` |
| `os/src/fs/files/pipe/wait.rs` | `wait_readable()`、`wait_writable()`、双 pipe 有序加锁 |
| `os/src/fs/files/pipe/file_impl.rs` | `File for Pipe` 实现、`read/write/ioctl/poll/register` |

重构过程中修正拆分后 trait 方法作用域问题，并将 `fifo_end_with_buffer()` 可见性收回到模块私有，避免 `private_interfaces` 编译告警。

### 验证

已执行：

```text
rustfmt --edition 2024 --unstable-features --skip-children os/src/fs/files/pipe/*.rs
make
git diff --check
```

结果：

- 默认 LoongArch64 `make` 构建通过。
- pipe 拆分本身没有新增编译告警。
- 构建输出仍包含 vendor `smoltcp` warning，以及 `.cargo/config` permission denied ignored 信息，均与本次重构无关。
- 本轮是源码布局重构，未运行 QEMU 行为回归。
- 未运行 RISC-V。

---

## 2026-07-02: clone02 CLONE_SIGHAND 退出状态修复

### 用户需求

用户说明 `log.ans` 里发生死锁/卡死，并提供 GDB 回溯。回溯显示 `sys_exit_group()` 进入 `exit_current_and_run_next()` 后，在 `send_signal_to_thread_group()` 内调用 `ProcessInner::get_locked_sigtable()` 触发 `try_lock().expect()` panic。

### 分析

AI 先过滤 `log.ans`，确认原始现象发生在 `RUN LTP CASE clone02` 后：

```text
panic
[kernel] Panicked at src/task/process/process.rs:295 You should not fail to get lock in a 1 HART system!
```

随后按回溯追踪退出路径：

- `exit_current_group_and_run_next()` 处理 `exit_group()`。
- `exit_current_and_run_next()` 在最后一个线程退出时写入 `sigtable.group_exit_code`。
- 同一段清理逻辑随后根据 `exit_signal` 向父进程发送 `SIGCHLD`。
- `send_signal_to_thread_group(parent_pid, SIGCHLD)` 会锁目标进程的 `sig_table`，判断目标进程是否已经退出。

`clone02` 覆盖 `CLONE_VM | CLONE_SIGHAND | SIGCHLD` 这类组合。它创建的是独立子进程，不是 `CLONE_THREAD` 线程；父子共享 signal action 表，但不应共享退出码。原实现把 `group_exit_code` 放在 `SigTable` 中，导致 `CLONE_SIGHAND` 父子进程共享同一个 `Arc<Mutex<SigTable>>`。子进程退出时持有这把锁写退出码，又在通知父进程时尝试锁同一把 `sig_table`，于是 `try_lock()` 失败并 panic。

更深层的语义问题是：即使在发送 `SIGCHLD` 前释放锁，子进程写入共享 `SigTable.group_exit_code` 也会污染父进程的退出状态。因此修复方向是拆分状态，而不是只调整 drop 顺序。

### 修改内容

| 文件 | 修改 |
|------|------|
| `os/src/signal/sigact.rs` | 移除 `SigTable` 中的 `group_exit_code` 及 `is_exited/exit_code/set_exit_code` 等接口 |
| `os/src/task/process/process.rs` | 在 `ProcessMeta` 中新增进程私有 `group_exit_code`，增加 `is_group_exiting()`、`group_exit_code()`、`set_group_exit_code_once()` |
| `os/src/task/mod.rs` | `suspend_current_and_run_next()`、`exit_current_group_and_run_next()`、`exit_current_and_run_next()` 改用进程级退出状态 |
| `os/src/signal/mod.rs` | `send_signal_to_thread_group()` 不再通过 `sig_table` 判断目标进程退出状态 |
| `os/src/syscall/task/wait.rs` | `waitpid()/waitid()` 改从 child 进程状态读取退出码 |
| `Docs/初赛文档/problem/clone02-shared-sighand-exit-code.md` | 新增问题复盘 |
| `Docs/初赛文档/problem/README.md` | 增加问题索引 |
| `Docs/初赛文档/开发日志.md` | 追加 7.2 简记 |
| `Docs/初赛文档/AI_INTERACTION.md` | 增加 AI 使用记录 |

### 验证

已执行：

```text
make
```

结果：当前默认 LoongArch64 构建通过。

最新 `log.ans` 显示 `clone02` 已不再 panic，musl/glibc 两轮 Summary 均为：

```text
passed   1
failed   0
broken   0
skipped  0
warnings 0
```

日志中仍有包装层输出 `FAIL LTP CASE clone02 : 12` / `RESULT GLIBC LTP SINGLE CASE clone02 : 12`，但按项目规则以 LTP Summary 为准。

未运行 RISC-V。

---

## 2026-07-02: PCB 与 MemorySet 锁边界重构

### 用户需求

用户指出 `ProcessInner` 已经有 PCB 锁保护，内部成员不应再各自套锁；已经自带同步的成员应放到 `inner` 外部。同时要求尽量把 `MemorySet` 的锁放进 `MemorySet` 自身，降低 PCB 与地址空间实现的耦合。后续用户补充 `personality` 完全可以放到 `ProcessMeta`。

### 分析

AI 先检查 `Process`、`TaskControlBlock`、`MemorySet`、fork/exec/exit 路径和 `log.ans` 中的锁相关信息。原结构把 `memory_set: Arc<RwLock<MemorySet>>`、`sig_table: Arc<Mutex<SigTable>>`、`fd_table`、`fs_info`、`personality` 都放在 `ProcessInner` 中，导致调用者必须先拿 PCB inner，再拿地址空间或信号表锁。这个结构把“资源 Arc 指针替换”和“资源内部同步”混在同一层，容易形成不必要的锁顺序依赖。

重构方向：

- `MemorySet` 自己持有 `RwLock<MemorySetInner>`，对外暴露 `get_ref()`、`get_mut()`、`with_ref()`、`with_mut()`。
- `Process` 直接持有 `memory_set`、`sig_table`、`fd_table`、`fs_info`；其中 `memory_set` / `sig_table` 外层 `Mutex` 只保护 exec 时替换 Arc 指针。
- `ProcessInner` 空壳移除，保留 `inner_lock()` 作为兼容入口，返回 `ProcessResources` 快照，避免一次性改动所有旧调用点。
- `personality` 属于进程级元数据，移入 `ProcessMeta`，`sys_personality()` 通过 `Process::personality()` / `set_personality()` 访问。
- 持有 `MemorySet` 写锁时不得再调用会重新加锁的 `MemorySet` wrapper，因此同步改写 `alloc_user_res()`、`alloc_trap_context_only()`、`growproc()`、`sys_mremap()` 和 fork 地址空间复制中的相关访问。

### 修改内容

| 文件 | 修改 |
|------|------|
| `os/src/task/process/process.rs` | 移除 `ProcessInner`，新增 `ProcessResources` 兼容快照；自带同步的资源移到 `Process` 外层；`personality` 移入 `ProcessMeta` |
| `os/src/mm/memory_set/mod.rs` | `MemorySet` 内部改为 `RwLock<MemorySetInner>`，提供读写 guard 和闭包式访问 API |
| `os/src/mm/memory_set/fork_clone.rs` | fork 复制地址空间时通过 `MemorySet::with_mut()` 持有父地址空间写锁，避免反复外部取锁 |
| `os/src/task/task/task.rs` | 进程创建/fork/clone 改用 `Arc<MemorySet>`；用户栈和 trap context 分配改为单次 `with_mut()` 内完成 |
| `os/src/task/mod.rs` | 退出路径使用资源快照中的 Arc，并按本地 clone 后的引用数判断地址空间是否可回收 |
| `os/src/syscall/mm/mmap.rs` | `mremap` 先在读锁内复制旧 VMA 元数据，再执行 `munmap/mmap`，避免持有 area 引用时重入锁 |
| `os/src/syscall/task/ctl.rs` | `sys_personality()` 改为访问 `ProcessMeta` 中的进程级字段 |
| `os/src/syscall/fs/mod.rs` | 清理 `sys_splice()` 未使用变量 warning，并维持未实现时返回 `EINVAL` 的既有注释语义 |
| `Docs/决赛文档/开发日志.md` | 追加 7.2 简记 |
| `Docs/决赛文档/AI_INTERACTION.md` | 增加 AI 使用记录 |

### 验证

已执行：

```text
rustfmt --edition 2024 --unstable-features --skip-children --check os/src/syscall/fs/mod.rs
git diff --check -- os/src/syscall/fs/mod.rs
make
```

中途也对本次主要改动文件执行过：

```text
rustfmt --edition 2024 --unstable-features --skip-children --check ...
git diff --check -- ...
make
```

结果：

- 当前默认 LoongArch64 `make` 构建通过。
- `sys_splice` 的 `memort_set` / `fd_in` / `fd_out` unused warnings 已消除。
- 构建输出中仍有 vendor `smoltcp` 自身 warning，与本次改动无关。
- 沙箱内 `make run` 未真正启动 QEMU，原因是 QEMU 无法在只读 `/var/tmp` 创建临时文件；外部 QEMU 验证申请后被用户中断，因此未得到有效运行日志。

未运行 RISC-V。

---

## 2026-07-02: 移除 Process::inner_lock 兼容层

### 用户需求

用户在 PCB 与 `MemorySet` 锁边界重构后要求继续移除 `inner_lock`，让进程资源访问不再依赖旧的 `ProcessResources` 快照兼容层。

### 分析

AI 继续检查 `Process::inner_lock()` 的调用点，确认上一轮保留的 `ProcessResources` 只是在旧调用点和新资源布局之间做中转：调用者先构造快照，再访问 `memory_set`、`sig_table`、`fd_table`、`fs_info`。这会让 PCB 结构看起来仍有一个隐含的 inner 层，和“自带同步的资源直接放在 `Process` 上”的目标不一致。

重构方向：

- `Process` 直接暴露 `memory_set_arc()`、`sig_table_arc()`、`with_sigtable()` 等资源访问方法。
- 删除 `ProcessResources` 和 `Process::inner_lock()`，旧调用点改成直接持有 `&task.process` 或 `Arc<Process>`。
- `SigTable` 的访问统一通过 `with_sigtable()` 封装，避免外部依赖 `get_locked_sigtable()` 这类旧接口。
- 只移除 `Process::inner_lock()`；`TaskControlBlock::inner_lock()` 仍负责保护线程级状态，本轮不动。

### 修改内容

| 文件 | 修改 |
|------|------|
| `os/src/task/process/process.rs` | 删除 `ProcessResources` 与 `Process::inner_lock()`，新增直接资源访问方法 |
| `os/src/signal/mod.rs`、`os/src/syscall/signal.rs`、`os/src/trap/mod.rs` | 信号相关路径改用 `Process::with_sigtable()` 或直接进程资源访问 |
| `os/src/task/mod.rs`、`os/src/task/task/task.rs` | 退出、fork/clone 和任务资源路径改为直接使用 `Process` 资源 |
| `os/src/syscall/task/wait.rs`、`os/src/syscall/task/kcmp.rs` 等任务 syscall | 去掉 `ProcessResources` 快照，直接比较或读取 `Process` 上的资源 `Arc` |
| `os/src/syscall/fs/*`、`os/src/syscall/io_mpx/*`、`os/src/syscall/net/*`、`os/src/syscall/sync/futex.rs`、`os/src/syscall/time.rs` | fd 表、fs 上下文和地址空间访问改为直接通过 `Process` 获取 |
| `Docs/决赛文档/开发日志.md` | 按当前 `write-docs` skill 补充 7.2 简记 |
| `Docs/决赛文档/ai.log` | 追加本轮 AI 协作记录 |
| `Docs/决赛文档/AI_INTERACTION.md` | 追加本轮 AI 使用记录 |
| `Docs/初赛文档/开发日志.md` | 移除误追加到初赛目录的本轮简记 |

### 验证

已执行：

```text
rustfmt --edition 2024 --unstable-features --skip-children --check ...
git diff --check -- ...
rg -n "\.process\.inner_lock\(\)|process\.inner_lock\(\)|proc[12]\.inner_lock\(\)|get_locked_sigtable|ProcessResources|process\.inner_lock" os/src
make
```

结果：

- 主要改动文件的 `rustfmt --check` 通过。
- `git diff --check` 通过。
- `rg` 未发现残留 `Process::inner_lock()`、`ProcessResources` 或 `get_locked_sigtable` 调用。
- 当前默认 LoongArch64 `make` 构建通过，输出中仍有 vendor `smoltcp` warning，与本次重构无关。

未运行 `make run`：本轮文档补充前的沙箱内 QEMU 运行因 `/var/tmp` 只读未真正启动，外部运行申请后被用户中断，未取得有效运行日志。未运行 RISC-V。

---

## 2026-07-02: ResourceSlot 进程资源槽抽象

### 用户需求

用户在确认 `MemorySet` 指针槽不能直接删除后，要求在 `os/src/utils` 目录新增资源槽类型的数据结构，并调整 PCB 字段，让公共资源放在 `inner` 外部的同时保持清晰的指针替换边界。

### 分析

AI 复查 `Process.memory_set` / `sig_table` 的实际使用路径，确认外层锁保护的是“当前进程指向哪个 `Arc` 资源对象”，而不是保护资源内部内容。`MemorySet` 内部已经有 `RwLock<MemorySetInner>`，`SigTable` 仍由内层 `Mutex<SigTable>` 保护动作表内容；但 `execve()` 会整体替换当前地址空间和信号动作表，所以 `Process` 仍需要一个可替换资源槽。

重构方向：

- 新增通用 `ResourceSlot<T>`，封装 `Mutex<Arc<T>>`。
- `ResourceSlot` 只提供 `get()`、`replace()`、`replace_with()`、`strong_count()`，不暴露内部锁。
- `Process.memory_set` 改为 `ResourceSlot<MemorySet>`，`Process.sig_table` 改为 `ResourceSlot<Mutex<SigTable>>`，并设为私有字段。
- 既有 `memory_set_arc()`、`sig_table_arc()`、`change_memory_set_and_sigtable()` 作为 PCB 对外接口保持不变，避免 syscall/fs/signal 等路径依赖 PCB 内部布局。

### 修改内容

| 文件 | 修改 |
|------|------|
| `os/src/utils/resource_slot.rs` | 新增 `ResourceSlot<T>`，用于保护可替换 `Arc<T>` 指针槽 |
| `os/src/utils/mod.rs` | 导出 `ResourceSlot` |
| `os/src/task/process/process.rs` | `memory_set` / `sig_table` 改为私有 `ResourceSlot` 字段，替换逻辑改走槽接口 |
| `Docs/决赛文档/开发日志.md` | 追加 7.2 简记 |
| `Docs/决赛文档/ai.log` | 追加本轮 AI 协作记录 |
| `Docs/决赛文档/AI_INTERACTION.md` | 追加本轮 AI 使用记录 |

### 验证

已执行：

```text
rustfmt --edition 2024 --unstable-features --skip-children --check os/src/utils/resource_slot.rs os/src/utils/mod.rs os/src/task/process/process.rs
git diff --check -- os/src/utils/resource_slot.rs os/src/utils/mod.rs os/src/task/process/process.rs
rg -n "pub memory_set|pub sig_table|Mutex<Arc<MemorySet>>|Mutex<Arc<Mutex<SigTable>>>|ResourceSlot" os/src/task/process/process.rs os/src/utils
make
timeout 120s make run > /tmp/resource-slot.log 2>&1
```

结果：

- `rustfmt --check` 通过。
- `git diff --check` 通过。
- 搜索确认 `Process` 不再暴露 `pub memory_set` / `pub sig_table`，裸 `Mutex<Arc<...>>` 已收敛到 `ResourceSlot`。
- 当前默认 LoongArch64 `make` 构建通过，输出中仍有 vendor `smoltcp` warning，与本次重构无关。
- 沙箱内 `make run` 因 QEMU 无法在只读 `/var/tmp` 创建临时文件未有效运行；申请外部运行后，`/tmp/resource-slot.log` 显示 basic musl/glibc 跑完并 `shutdown!`，未发现 `panic` / `TFAIL` / `TBROK`。

未运行 RISC-V。

---
## 2026-07-02: 删除 get_locked_memory_set_read/write 兼容接口

### 用户需求

用户要求继续 PCB 资源槽重构，删除 `get_locked_memory_set_read()` / `get_locked_memory_set_write()` 两个函数。

### 分析

AI 确认 `MemorySet` 的读写同步已经由 `MemorySet` 内部 `RwLock<MemorySetInner>` 负责，`Process` 层现在只通过 `ResourceSlot<MemorySet>` 提供当前地址空间的 `Arc`。因此 `get_locked_memory_set_read/write()` 这两个名字已经不准确：它们并不返回读写锁 guard，只是克隆当前 `Arc<MemorySet>`。继续保留会让调用者误解锁边界。

重构方向：

- 调用点统一改为 `memory_set_arc()`。
- 删除 `Process::get_locked_memory_set_read()` 和 `Process::get_locked_memory_set_write()`。
- 保持 `MemorySet` 内部同步和 `ResourceSlot` 指针槽同步不变，不改变运行语义。

### 修改内容

| 文件 | 修改 |
|------|------|
| `os/src/task/process/process.rs` | 删除 `get_locked_memory_set_read/write()`，为 `memory_set_arc()` 补充语义注释 |
| `os/src/{signal,trap,mm,task,syscall}/**/*.rs` | 地址空间获取调用统一改为 `memory_set_arc()` |
| `Docs/决赛文档/开发日志.md` | 追加 7.2 简记 |
| `Docs/决赛文档/ai.log` | 追加本轮 AI 协作记录 |
| `Docs/决赛文档/AI_INTERACTION.md` | 追加本轮 AI 使用记录 |

### 验证

已执行：

```text
rustfmt --edition 2024 --unstable-features --skip-children --check os/src/task/process/process.rs
git diff --check
git diff --cached --check
rg -n "get_locked_memory_set_(read|write)\(" os/src
make
timeout 120s make run > /tmp/resource-slot.log 2>&1
```

结果：

- `rustfmt --check` 通过。
- `git diff --check` 与 `git diff --cached --check` 通过。
- `rg` 未发现 `get_locked_memory_set_read/write()` 残留。
- 当前默认 LoongArch64 `make` 构建通过，输出中仍有 vendor `smoltcp` warning，与本次重构无关。
- 外部 LoongArch64 `make run` 基础测试跑完，`/tmp/resource-slot.log` 到 `shutdown!`，未发现 `panic` / `TFAIL` / `TBROK`。

未运行 RISC-V。

---
## 2026-07-02: vmsplice pipe 文件分类收敛

### 用户需求

用户指出 `Pipe` 本身也是文件，当前 `pipe2()` 分配 pipe 时放入 `FileClass::Abs`，没有体现 pipe 是一种明确的文件类别，要求先修改 `os/src/syscall/io_mpx/splice.rs` 中的 `vmsplice` 相关逻辑，并将 pipe 放入 `FileClass` 统一管理。

### 分析

AI 检查 `FileClass`、`FileDescriptor`、`sys_pipe2()`、`Pipe` 和 `sys_vmsplice()` 路径后确认：

- `FileClass` 中已经存在 `Pipe(Arc<Pipe>)` 分支，`any()` 也可把 pipe 作为 `dyn File` 使用。
- `pipe2()` 仍将匿名 pipe 读写端存为 `FileClass::Abs`，导致 pipe 与其他抽象文件混在一起。
- `sys_vmsplice()` 通过 `fd_entry.abs()` 获取目标 fd，实际是在接受任意 `Abs` 文件后依赖运行时写入能力，不能清晰表达 Linux 语义中 fd 必须是 pipe。
- 现有 `FileClass::pipe()` 匹配分支写成未限定的 `Pipe(p)`，本身无法通过编译；`splice.rs` 中的未实现 `sys_splice()` 也残留变量拼写和占位调用问题。

### 修改内容

| 文件 | 修改 |
|------|------|
| `os/src/fs/mod.rs` | 修正 `FileClass::pipe()` 为 `FileClass::Pipe(p) => Ok(p.clone())`，保留 `any()` 对 pipe 的统一 `File` trait 转换 |
| `os/src/fs/fstruct.rs` | 为 `FileDescriptor` 暴露 `pipe()` 访问入口 |
| `os/src/syscall/fs/pipe.rs` | `sys_pipe2()` 分配的读端/写端改为 `FileClass::Pipe` |
| `os/src/syscall/io_mpx/splice.rs` | `sys_vmsplice()` 改为通过 `fd_entry.pipe()` 校验目标 fd 必须是 pipe，并导入 `File` trait 调用 `writable()` / `write()` |

同时整理 `sys_splice()` 未实现 stub：保留 fd 与 offset 用户指针基础校验，去掉未定义变量和不存在的 `fstate()` 占位调用，仍按当前实现返回 `EINVAL`。

### 验证

已执行：

```text
make
```

结果：

- 默认 LoongArch64 `make` 构建通过。
- 输出中仍有 vendor `smoltcp` warning，与本次修改无关。

未运行 `make run`：本次只收敛 pipe fd 分类并完成构建验证，未做运行路径回归。未运行 RISC-V。

---

## 2026-07-02: splice syscall 兼容实现

### 用户需求

用户要求“实现splice”，需要把已有 syscall 号 76 对应的 `sys_splice()` 从占位/未完成状态补成可用实现，并验证 `splice01`。

### 分析

AI 检查现有 `sys_vmsplice()`、`FileClass::Pipe`、`File` trait、`OSFile::read/write/lseek()`、`Pipe` ring buffer 与当前 `initproc`，确认：

- `Syscall::Splice = 76` 已在分发层接入，但 `sys_splice()` 仍是占位实现。
- 当前工作树中的 `sys_splice()` 还有未完成的 `let ibuf = in_pipe.` 片段，必须先恢复可编译状态。
- Ya2yOS 当前没有页缓存级零拷贝管线，但已有 `File::read()` / `File::write()` 与 `UserBuffer`，可以先实现 Linux 可见语义兼容的内核缓冲区搬运。
- `splice01` 重点验证 regular file -> pipe -> regular file 的数据搬运；其他常见测例还会关注无 pipe 参与、pipe offset、`O_APPEND` 输出 fd 和 pipe->pipe。

设计取舍：

- 不新增底层零拷贝机制，使用 64KiB 内核缓冲区分片搬运。
- syscall 层负责 fd 获取、权限/flag/offset 校验、用户 offset 读写；实际读写仍走现有 `File` 抽象。
- 带 offset 的普通文件路径通过临时 `lseek()` 到用户 offset、读写后恢复原 fd offset 的方式模拟 Linux `splice` offset 指针语义。
- `SPLICE_F_NONBLOCK` 只对 pipe 的空/满状态做基础兼容，避免空 pipe 或满 pipe 阻塞。

### 修改内容

| 文件 | 修改 |
|------|------|
| `os/src/syscall/io_mpx/splice.rs` | 实现 `sys_splice()`，支持 file->pipe、pipe->file、pipe->pipe 的内核缓冲区搬运，补齐 flags、offset、pipe、`O_APPEND`、短读短写和非阻塞处理 |
| `os/src/syscall/mod.rs` | `splice` 分发层把 `off_in/off_out` 作为可写用户指针传入 |
| `os/src/fs/files/pipe.rs` | 暴露 pipe 读端/写端关闭状态查询，供 splice 判断 EOF/EPIPE |
| `Docs/决赛文档/开发日志.md` | 追加 7.2 简记 |
| `Docs/决赛文档/problem/README.md` | 新增 problem 索引 |
| `Docs/决赛文档/problem/splice-syscall.md` | 新增 splice 实现复盘 |
| `Docs/决赛文档/ai.log` | 追加本轮 AI 协作记录 |
| `Docs/决赛文档/AI_INTERACTION.md` | 追加本轮 AI 使用记录 |

### 验证

已执行：

```text
rustfmt --edition 2024 --unstable-features --skip-children os/src/syscall/io_mpx/splice.rs os/src/syscall/mod.rs os/src/fs/files/pipe.rs
make
make TARGET_ARCH=riscv64
timeout 120s make run > /tmp/splice-run.log 2>&1
git diff --check
```

结果：

- 默认 LoongArch64 `make` 构建通过。
- `make TARGET_ARCH=riscv64` 构建通过。
- LoongArch64 `make run` 跑当前 `initproc` 中的 `splice01`，musl/glibc 均输出 `splice01.c:48: TPASS: Written data has been read back correctly`，summary 均为 `passed 1 failed 0 broken 0 skipped 0 warnings 0`，系统跑到 `shutdown!`。
- 构建仍有 vendor `smoltcp` warning，与本次修改无关。
- 运行日志中 glibc `splice01` 前仍有一行 `Fail to convert LoongArch Unknown to Trap type! 0x0`，但没有 `TFAIL` / `TBROK` / panic，测试 summary 通过。

未运行 RISC-V QEMU。

---

## 2026-07-02: pipe PipeBuf 片段队列与 splice/tee 引用路径

### 用户需求

用户指出当前 `splice` 没有实现零拷贝，要求按前面建议把 `os/src/fs/files/pipe.rs` 中的 `PipeRingBuffer` 从字节环改成 `PipeBuf` 片段队列，并让 pipe -> pipe `splice` 和 `tee()` 走引用移动/引用复制。

### 分析

AI 检查当前 `sys_splice()`、`Pipe` 和 `OSFile` 路径后确认：

- 原 pipe 底层是 `Vec<u8>` + `head/tail/status` 的固定字节环，普通 `read/write` 和 `splice(pipe, pipe)` 都必须复制字节内容。
- 当前普通文件路径仍只有 `File::read()` / `File::write()` 与 `Inode::read_at()` / `write_at()`，还没有真正文件页缓存引用，暂不适合直接做 file -> pipe 页缓存零拷贝。
- 更稳妥的第一步是先让 pipe 能承载片段引用：普通 pipe `read/write` 保持对用户态的字节语义，pipe 专用的 `splice` / `tee` 再使用片段移动或克隆。

设计取舍：

- 新增私有 `PipeBuf { data: Arc<Vec<u8>>, offset, len }`，作为后续扩展 Page/FilePage 的占位模型。
- `PipeRingBuffer` 改为 `VecDeque<PipeBuf>` + `bytes` 计数，`available_read/write` 语义保持不变。
- `Pipe::splice_to_pipe()` 消耗输入 pipe 中的 `PipeBuf` 片段并移动到输出 pipe，不复制底层数据内容。
- `Pipe::tee_to_pipe()` 克隆 `PipeBuf` 的 `Arc<Vec<u8>>` 引用并压入输出 pipe，不消耗输入 pipe。
- file -> pipe、pipe -> file 路径仍保留原内核缓冲区兼容搬运，避免同时扩大到 VFS/页缓存一致性问题。

### 修改内容

| 文件 | 修改 |
|------|------|
| `os/src/fs/files/pipe.rs` | 将 `PipeRingBuffer` 从字节环改为 `PipeBuf` 片段队列，保留普通 `read/write/write_kernel_bytes/poll` 行为；新增 `splice_to_pipe()` 和 `tee_to_pipe()` |
| `os/src/syscall/io_mpx/splice.rs` | `sys_splice()` 在两端都是 pipe 时走 `Pipe::splice_to_pipe()`；实现 `sys_tee()` 的 pipe fd 校验、flag 校验和 `Pipe::tee_to_pipe()` 调用 |
| `Docs/决赛文档/开发日志.md` | 追加 7.2 简记 |
| `Docs/决赛文档/ai.log` | 追加本轮 AI 协作记录 |
| `Docs/决赛文档/AI_INTERACTION.md` | 追加本轮 AI 使用记录 |

### 验证

已执行：

```text
rustfmt --edition 2024 --unstable-features --skip-children os/src/fs/files/pipe.rs os/src/syscall/io_mpx/splice.rs
make
timeout 120s make run > /tmp/splice-pipebuf-run.log 2>&1
```

结果：

- 默认 LoongArch64 `make` 构建通过。
- 构建仍有 vendor `smoltcp` warning，与本次修改无关。
- 首次沙箱内 `make run` 因 QEMU 需要在 `/var/tmp` 创建临时文件失败；外部重跑成功进入测试。
- 当前工作树中的 `user/src/bin/initproc.rs` 已被改为运行 `splice05`，不是 `splice01`。`splice05` musl/glibc 均失败于 `splice error: ENOTCONN (107)`，说明当前 socket splice 语义仍有缺口；这不是本次 pipe -> pipe `PipeBuf` 引用路径的直接验证结果，后续需要单独处理 socket splice。

未运行 RISC-V。本轮未新增 problem 文件：这是结构/性能路径优化，未修通新的 LTP 测例；`splice05` 失败作为后续问题处理。

---

## 2026-07-02: 文件页面缓存接入 splice file->pipe fast path

### 用户需求

用户已经添加 `os/src/fs/page_cache.rs`，要求直接继续修改，把页面缓存接入后续路径。

### 分析

AI 检查新增 `FILE_PAGE_CACHE`、`GROUP_SHARE.shared_file_frames`、`mmap` 缺页处理、`PipeBuf` 和 `sys_splice()` 后确认：

- `os/src/fs/page_cache.rs` 已经提供 `FilePageCache`、`FilePage`、`FilePageKey` 和 `get_or_load()`，并已在 `fs/mod.rs` 中导出。
- `GROUP_SHARE` 中旧的 `shared_file_frames` 与新 `FILE_PAGE_CACHE` 功能重叠，应移除，文件页共享统一走 `FILE_PAGE_CACHE`。
- `MAP_SHARED` 文件 mmap 缺页可以直接映射 `FilePage.frame`，避免再通过临时 `kernel_buf` 拷贝到新 frame。
- `PipeBuf` 已经是片段队列，可以扩展 storage，使其既能持有普通 `Bytes`，也能持有 `FilePage` 引用。
- `splice(file, pipe)` 可在输入 fd 是 `OSFile`、输出 fd 是 pipe 时走缓存页 fast path；其他路径保留原兼容搬运。

### 修改内容

| 文件 | 修改 |
|------|------|
| `os/src/fs/page_cache.rs` | 补插入时复查，避免并发重复加载覆盖；新增 `invalidate_path()`，并让范围失效使用饱和加法 |
| `os/src/mm/page_fault_handler.rs` | `MAP_SHARED` 文件缺页改为 `FILE_PAGE_CACHE.get_or_load()` 并直接映射缓存页 frame；保留非共享文件 mmap 的原拷贝加载路径 |
| `os/src/mm/group.rs` | 移除旧 `shared_file_frames`、`add_file_frame()`、`find_file_frame()` |
| `os/src/fs/files/pipe.rs` | `PipeBuf` 改为 `Bytes/FilePage` storage；新增 `Pipe::push_file_page()`，支持把缓存文件页引用挂入 pipe |
| `os/src/syscall/io_mpx/splice.rs` | `splice(file, pipe)` 在输入为普通 `OSFile` 时走 `FILE_PAGE_CACHE` + `Pipe::push_file_page()` fast path；其他路径继续 fallback 到原逻辑 |
| `os/src/fs/files/os_file.rs` | 普通文件 `write()` 成功后失效对应文件缓存页范围 |
| `os/src/fs/ext4_lw/inode.rs` | `truncate()` 成功后失效对应文件全部缓存页 |
| `Docs/决赛文档/开发日志.md` | 追加 7.2 简记 |
| `Docs/决赛文档/ai.log` | 追加本轮 AI 协作记录 |
| `Docs/决赛文档/AI_INTERACTION.md` | 追加本轮 AI 使用记录 |

### 验证

已执行：

```text
rustfmt --edition 2024 --unstable-features --skip-children os/src/fs/page_cache.rs os/src/mm/page_fault_handler.rs os/src/mm/group.rs os/src/fs/files/pipe.rs os/src/syscall/io_mpx/splice.rs os/src/fs/files/os_file.rs os/src/fs/ext4_lw/inode.rs
make
timeout 120s make run > /tmp/splice-pipebuf-run.log 2>&1
```

结果：

- 默认 LoongArch64 `make` 构建通过。
- 构建仍有 vendor `smoltcp` warning，与本次修改无关。
- 当前工作树中的 `initproc` 运行 `splice09`；musl/glibc 均输出 `TCONF: The test requires kernel 6.7 or newer`，summary 为 `skipped 1`，无 `panic` / `TFAIL` / `TBROK`，系统跑到 `shutdown!`。

未运行 RISC-V。本轮未新增 problem 文件：这是页面缓存与 splice fast path 功能推进，未修通新的失败测例。

---

## 2026-07-02: pipe SIGPIPE 与 FIONREAD 语义修复

### 用户需求

用户要求分析 `log.ans` 中 pipe 实现是否存在问题，并在确认后修复。

### 分析

AI 按 `TPASS` / `TFAIL` / `TBROK` / `Summary` 过滤 `log.ans` 后确认：

- `pipe02` 中 child 写无读端 pipe 后只得到 `EPIPE`，没有被默认 `SIGPIPE` 终止，输出 `TFAIL: Child wasn't killed by signal`。
- `pipe08` 中测例安装 `SIGPIPE` handler 后写无读端 pipe，`write()` 返回 `EPIPE`，但 handler 未被调用，输出 `TFAIL: sigpipe_cnt (0) != 1 (1)`。
- `pipe12` 中非阻塞满 pipe 已正确返回 `EAGAIN`，但 `ioctl(FIONREAD)` 返回 `ENOTTY`，输出 `TBROK: ioctl(4,(0x541B),...) failed: ENOTTY (25)`。
- `pipe07` 失败于 `/proc/self/fd` 缺失，`pipe15` 失败于 `/proc/sys/fs/pipe-user-pages-soft` 缺失，二者不是 pipe 核心读写语义问题。

根因：

- `Pipe::write()` 在读端全部关闭时直接返回 `EPIPE`，没有向当前写线程投递 `SIGPIPE`。
- `Pipe::ioctl()` 未实现 Linux `FIONREAD(0x541B)`。

### 修改内容

| 文件 | 修改 |
|------|------|
| `os/src/fs/files/pipe.rs` | 新增 `Pipe::broken_pipe()`，在无读端写入时向当前线程投递 `SIGPIPE` 后返回 `EPIPE`；实现 `ioctl(FIONREAD)`，将 `available_read()` 作为 `i32` 写回用户指针 |
| `Docs/决赛文档/开发日志.md` | 追加 7.2 简记 |
| `Docs/决赛文档/problem/README.md` | 新增 problem 索引 |
| `Docs/决赛文档/problem/pipe-sigpipe-fionread.md` | 新增 pipe SIGPIPE/FIONREAD 修复复盘 |
| `Docs/决赛文档/ai.log` | 追加本轮 AI 协作记录 |
| `Docs/决赛文档/AI_INTERACTION.md` | 追加本轮 AI 使用记录 |

实现时注意先释放 pipe/task 锁再投递 `SIGPIPE`，避免在持锁状态下进入信号路径。

### 验证

已执行：

```text
rustfmt --edition 2024 --unstable-features --skip-children os/src/fs/files/pipe.rs
make
timeout 120s make run > /tmp/splice-pipebuf-run.log 2>&1
```

结果：

- 默认 LoongArch64 `make` 构建通过。
- 构建仍有 vendor `smoltcp` warning，与本次修改无关。
- 当前 `initproc` 运行 pipe 相关 musl 单测：
  - `pipe02.c:77: TPASS: Child killed by SIGPIPE`
  - `pipe08.c:37: TPASS: sigpipe_cnt == 1 (1)`
  - `pipe12` 中 6 个核心断言均 `TPASS`，不再出现 `FIONREAD` 的 `ENOTTY`。
- `pipe07` 仍因 `/proc/self/fd` 缺失 `TBROK`，`pipe15` 仍因 `/proc/sys/fs/pipe-user-pages-soft` 缺失 `TBROK`，需后续按 procfs 能力单独修复。

未运行 RISC-V。

---
